// Vitest Snapshot v1, https://vitest.dev/guide/snapshot.html

exports[`CopyrightText > matches snapshot 1`] = `
<div>
  <p
    class="m-[0px]"
  >
    Â© 2021 Astoria Horror Club
  </p>
</div>
`;
