// Vitest Snapshot v1, https://vitest.dev/guide/snapshot.html

exports[`RootLayout > matches snapshot 1`] = `<div />`;
